FAIL	github.com/ollama/ollama [build failed]
?   	github.com/ollama/ollama/app	[no test files]
?   	github.com/ollama/ollama/app/assets	[no test files]
2025/03/04 22:07:40 ERROR unable to locate llm runner directory.  Set OLLAMA_RUNNERS_DIR to the location of 'ollama_runners'
=== RUN   TestClientFromEnvironment
=== RUN   TestClientFromEnvironment/only_address
2025/03/04 22:07:40 ERROR unable to locate llm runner directory.  Set OLLAMA_RUNNERS_DIR to the location of 'ollama_runners'
=== RUN   TestClientFromEnvironment/address_and_port
2025/03/04 22:07:40 ERROR unable to locate llm runner directory.  Set OLLAMA_RUNNERS_DIR to the location of 'ollama_runners'
=== RUN   TestClientFromEnvironment/scheme_http_and_address
2025/03/04 22:07:40 ERROR unable to locate llm runner directory.  Set OLLAMA_RUNNERS_DIR to the location of 'ollama_runners'
=== RUN   TestClientFromEnvironment/hostname
2025/03/04 22:07:40 ERROR unable to locate llm runner directory.  Set OLLAMA_RUNNERS_DIR to the location of 'ollama_runners'
=== RUN   TestClientFromEnvironment/scheme,_hostname,_and_port
2025/03/04 22:07:40 ERROR unable to locate llm runner directory.  Set OLLAMA_RUNNERS_DIR to the location of 'ollama_runners'
=== RUN   TestClientFromEnvironment/trailing_slash
2025/03/04 22:07:40 ERROR unable to locate llm runner directory.  Set OLLAMA_RUNNERS_DIR to the location of 'ollama_runners'
=== RUN   TestClientFromEnvironment/trailing_slash_port
2025/03/04 22:07:40 ERROR unable to locate llm runner directory.  Set OLLAMA_RUNNERS_DIR to the location of 'ollama_runners'
=== RUN   TestClientFromEnvironment/scheme_https_and_address
2025/03/04 22:07:40 ERROR unable to locate llm runner directory.  Set OLLAMA_RUNNERS_DIR to the location of 'ollama_runners'
=== RUN   TestClientFromEnvironment/scheme,_address,_and_port
2025/03/04 22:07:40 ERROR unable to locate llm runner directory.  Set OLLAMA_RUNNERS_DIR to the location of 'ollama_runners'
=== RUN   TestClientFromEnvironment/scheme_http_and_hostname
2025/03/04 22:07:40 ERROR unable to locate llm runner directory.  Set OLLAMA_RUNNERS_DIR to the location of 'ollama_runners'
=== RUN   TestClientFromEnvironment/scheme_https_and_hostname
2025/03/04 22:07:40 ERROR unable to locate llm runner directory.  Set OLLAMA_RUNNERS_DIR to the location of 'ollama_runners'
=== RUN   TestClientFromEnvironment/empty
2025/03/04 22:07:40 ERROR unable to locate llm runner directory.  Set OLLAMA_RUNNERS_DIR to the location of 'ollama_runners'
=== RUN   TestClientFromEnvironment/only_port
2025/03/04 22:07:40 ERROR unable to locate llm runner directory.  Set OLLAMA_RUNNERS_DIR to the location of 'ollama_runners'
=== RUN   TestClientFromEnvironment/hostname_and_port
2025/03/04 22:07:40 ERROR unable to locate llm runner directory.  Set OLLAMA_RUNNERS_DIR to the location of 'ollama_runners'
--- PASS: TestClientFromEnvironment (0.02s)
    --- PASS: TestClientFromEnvironment/only_address (0.00s)
    --- PASS: TestClientFromEnvironment/address_and_port (0.00s)
    --- PASS: TestClientFromEnvironment/scheme_http_and_address (0.00s)
    --- PASS: TestClientFromEnvironment/hostname (0.00s)
    --- PASS: TestClientFromEnvironment/scheme,_hostname,_and_port (0.00s)
    --- PASS: TestClientFromEnvironment/trailing_slash (0.00s)
    --- PASS: TestClientFromEnvironment/trailing_slash_port (0.01s)
    --- PASS: TestClientFromEnvironment/scheme_https_and_address (0.00s)
    --- PASS: TestClientFromEnvironment/scheme,_address,_and_port (0.00s)
    --- PASS: TestClientFromEnvironment/scheme_http_and_hostname (0.00s)
    --- PASS: TestClientFromEnvironment/scheme_https_and_hostname (0.00s)
    --- PASS: TestClientFromEnvironment/empty (0.00s)
    --- PASS: TestClientFromEnvironment/only_port (0.00s)
    --- PASS: TestClientFromEnvironment/hostname_and_port (0.00s)
=== RUN   TestKeepAliveParsingFromJSON
=== RUN   TestKeepAliveParsingFromJSON/Positive_Integer
=== RUN   TestKeepAliveParsingFromJSON/Positive_Float
=== RUN   TestKeepAliveParsingFromJSON/Positive_Integer_String
=== RUN   TestKeepAliveParsingFromJSON/Negative_Integer
=== RUN   TestKeepAliveParsingFromJSON/Negative_Float
=== RUN   TestKeepAliveParsingFromJSON/Negative_Integer_String
--- PASS: TestKeepAliveParsingFromJSON (0.00s)
    --- PASS: TestKeepAliveParsingFromJSON/Positive_Integer (0.00s)
    --- PASS: TestKeepAliveParsingFromJSON/Positive_Float (0.00s)
    --- PASS: TestKeepAliveParsingFromJSON/Positive_Integer_String (0.00s)
    --- PASS: TestKeepAliveParsingFromJSON/Negative_Integer (0.00s)
    --- PASS: TestKeepAliveParsingFromJSON/Negative_Float (0.00s)
    --- PASS: TestKeepAliveParsingFromJSON/Negative_Integer_String (0.00s)
=== RUN   TestDurationMarshalUnmarshal
=== RUN   TestDurationMarshalUnmarshal/negative_duration
=== RUN   TestDurationMarshalUnmarshal/positive_duration
=== RUN   TestDurationMarshalUnmarshal/another_positive_duration
=== RUN   TestDurationMarshalUnmarshal/zero_duration
=== RUN   TestDurationMarshalUnmarshal/max_duration
--- PASS: TestDurationMarshalUnmarshal (0.00s)
    --- PASS: TestDurationMarshalUnmarshal/negative_duration (0.00s)
    --- PASS: TestDurationMarshalUnmarshal/positive_duration (0.00s)
    --- PASS: TestDurationMarshalUnmarshal/another_positive_duration (0.00s)
    --- PASS: TestDurationMarshalUnmarshal/zero_duration (0.00s)
    --- PASS: TestDurationMarshalUnmarshal/max_duration (0.00s)
=== RUN   TestUseMmapParsingFromJSON
=== RUN   TestUseMmapParsingFromJSON/Undefined
=== RUN   TestUseMmapParsingFromJSON/True
=== RUN   TestUseMmapParsingFromJSON/False
--- PASS: TestUseMmapParsingFromJSON (0.00s)
    --- PASS: TestUseMmapParsingFromJSON/Undefined (0.00s)
    --- PASS: TestUseMmapParsingFromJSON/True (0.00s)
    --- PASS: TestUseMmapParsingFromJSON/False (0.00s)
=== RUN   TestUseMmapFormatParams
=== RUN   TestUseMmapFormatParams/True
=== RUN   TestUseMmapFormatParams/False
=== RUN   TestUseMmapFormatParams/Numeric_True
=== RUN   TestUseMmapFormatParams/Numeric_False
=== RUN   TestUseMmapFormatParams/invalid_string
--- PASS: TestUseMmapFormatParams (0.00s)
    --- PASS: TestUseMmapFormatParams/True (0.00s)
    --- PASS: TestUseMmapFormatParams/False (0.00s)
    --- PASS: TestUseMmapFormatParams/Numeric_True (0.00s)
    --- PASS: TestUseMmapFormatParams/Numeric_False (0.00s)
    --- PASS: TestUseMmapFormatParams/invalid_string (0.00s)
=== RUN   TestMessage_UnmarshalJSON
--- PASS: TestMessage_UnmarshalJSON (0.00s)
PASS
ok  	github.com/ollama/ollama/api	8.649s
?   	github.com/ollama/ollama/app/store	[no test files]
?   	github.com/ollama/ollama/app/tray	[no test files]
?   	github.com/ollama/ollama/app/tray/commontray	[no test files]
?   	github.com/ollama/ollama/app/tray/wintray	[no test files]
FAIL	github.com/ollama/ollama/cmd [build failed]
?   	github.com/ollama/ollama/auth	[no test files]
FAIL	github.com/ollama/ollama/convert [build failed]
?   	github.com/ollama/ollama/convert/sentencepiece	[no test files]
2025/03/04 22:08:06 ERROR unable to locate llm runner directory.  Set OLLAMA_RUNNERS_DIR to the location of 'ollama_runners'
=== RUN   TestRotateLogs
--- PASS: TestRotateLogs (1.06s)
PASS
ok  	github.com/ollama/ollama/app/lifecycle	4.137s
?   	github.com/ollama/ollama/examples/go-chat	[no test files]
?   	github.com/ollama/ollama/examples/go-generate	[no test files]
?   	github.com/ollama/ollama/examples/go-generate-streaming	[no test files]
?   	github.com/ollama/ollama/examples/go-http-generate	[no test files]
?   	github.com/ollama/ollama/examples/go-multimodal	[no test files]
?   	github.com/ollama/ollama/examples/go-pull-progress	[no test files]
2025/03/04 22:08:47 ERROR unable to locate llm runner directory.  Set OLLAMA_RUNNERS_DIR to the location of 'ollama_runners'
=== RUN   TestConfig
2025/03/04 22:08:47 ERROR unable to locate llm runner directory.  Set OLLAMA_RUNNERS_DIR to the location of 'ollama_runners'
2025/03/04 22:08:47 ERROR unable to locate llm runner directory.  Set OLLAMA_RUNNERS_DIR to the location of 'ollama_runners'
2025/03/04 22:08:47 ERROR unable to locate llm runner directory.  Set OLLAMA_RUNNERS_DIR to the location of 'ollama_runners'
2025/03/04 22:08:47 ERROR unable to locate llm runner directory.  Set OLLAMA_RUNNERS_DIR to the location of 'ollama_runners'
2025/03/04 22:08:47 ERROR unable to locate llm runner directory.  Set OLLAMA_RUNNERS_DIR to the location of 'ollama_runners'
2025/03/04 22:08:47 ERROR unable to locate llm runner directory.  Set OLLAMA_RUNNERS_DIR to the location of 'ollama_runners'
2025/03/04 22:08:47 ERROR unable to locate llm runner directory.  Set OLLAMA_RUNNERS_DIR to the location of 'ollama_runners'
2025/03/04 22:08:47 ERROR unable to locate llm runner directory.  Set OLLAMA_RUNNERS_DIR to the location of 'ollama_runners'
2025/03/04 22:08:47 ERROR unable to locate llm runner directory.  Set OLLAMA_RUNNERS_DIR to the location of 'ollama_runners'
--- PASS: TestConfig (0.01s)
=== RUN   TestClientFromEnvironment
=== RUN   TestClientFromEnvironment/extra_single_quotes
2025/03/04 22:08:47 ERROR unable to locate llm runner directory.  Set OLLAMA_RUNNERS_DIR to the location of 'ollama_runners'
=== RUN   TestClientFromEnvironment/only_port
2025/03/04 22:08:47 ERROR unable to locate llm runner directory.  Set OLLAMA_RUNNERS_DIR to the location of 'ollama_runners'
=== RUN   TestClientFromEnvironment/zero_port
2025/03/04 22:08:47 ERROR unable to locate llm runner directory.  Set OLLAMA_RUNNERS_DIR to the location of 'ollama_runners'
=== RUN   TestClientFromEnvironment/too_large_port
2025/03/04 22:08:47 ERROR unable to locate llm runner directory.  Set OLLAMA_RUNNERS_DIR to the location of 'ollama_runners'
2025/03/04 22:08:47 ERROR invalid setting OLLAMA_HOST=http://:11434 error="invalid port specified in OLLAMA_HOST" "using default port"=11434
=== RUN   TestClientFromEnvironment/too_small_port
2025/03/04 22:08:47 ERROR unable to locate llm runner directory.  Set OLLAMA_RUNNERS_DIR to the location of 'ollama_runners'
2025/03/04 22:08:47 ERROR invalid setting OLLAMA_HOST=http://:11434 error="invalid port specified in OLLAMA_HOST" "using default port"=11434
=== RUN   TestClientFromEnvironment/ipv6_localhost
2025/03/04 22:08:47 ERROR unable to locate llm runner directory.  Set OLLAMA_RUNNERS_DIR to the location of 'ollama_runners'
=== RUN   TestClientFromEnvironment/extra_space
2025/03/04 22:08:47 ERROR unable to locate llm runner directory.  Set OLLAMA_RUNNERS_DIR to the location of 'ollama_runners'
=== RUN   TestClientFromEnvironment/empty
2025/03/04 22:08:47 ERROR unable to locate llm runner directory.  Set OLLAMA_RUNNERS_DIR to the location of 'ollama_runners'
=== RUN   TestClientFromEnvironment/ipv6_world_open
2025/03/04 22:08:47 ERROR unable to locate llm runner directory.  Set OLLAMA_RUNNERS_DIR to the location of 'ollama_runners'
=== RUN   TestClientFromEnvironment/ipv6_no_brackets
2025/03/04 22:08:47 ERROR unable to locate llm runner directory.  Set OLLAMA_RUNNERS_DIR to the location of 'ollama_runners'
=== RUN   TestClientFromEnvironment/extra_quotes
2025/03/04 22:08:47 ERROR unable to locate llm runner directory.  Set OLLAMA_RUNNERS_DIR to the location of 'ollama_runners'
=== RUN   TestClientFromEnvironment/only_address
2025/03/04 22:08:47 ERROR unable to locate llm runner directory.  Set OLLAMA_RUNNERS_DIR to the location of 'ollama_runners'
=== RUN   TestClientFromEnvironment/hostname
2025/03/04 22:08:47 ERROR unable to locate llm runner directory.  Set OLLAMA_RUNNERS_DIR to the location of 'ollama_runners'
=== RUN   TestClientFromEnvironment/hostname_and_port
2025/03/04 22:08:47 ERROR unable to locate llm runner directory.  Set OLLAMA_RUNNERS_DIR to the location of 'ollama_runners'
=== RUN   TestClientFromEnvironment/address_and_port
2025/03/04 22:08:47 ERROR unable to locate llm runner directory.  Set OLLAMA_RUNNERS_DIR to the location of 'ollama_runners'
=== RUN   TestClientFromEnvironment/ipv6_+_port
2025/03/04 22:08:47 ERROR unable to locate llm runner directory.  Set OLLAMA_RUNNERS_DIR to the location of 'ollama_runners'
=== RUN   TestClientFromEnvironment/extra_space+quotes
2025/03/04 22:08:47 ERROR unable to locate llm runner directory.  Set OLLAMA_RUNNERS_DIR to the location of 'ollama_runners'
--- PASS: TestClientFromEnvironment (0.02s)
    --- PASS: TestClientFromEnvironment/extra_single_quotes (0.00s)
    --- PASS: TestClientFromEnvironment/only_port (0.00s)
    --- PASS: TestClientFromEnvironment/zero_port (0.01s)
    --- PASS: TestClientFromEnvironment/too_large_port (0.01s)
    --- PASS: TestClientFromEnvironment/too_small_port (0.00s)
    --- PASS: TestClientFromEnvironment/ipv6_localhost (0.00s)
    --- PASS: TestClientFromEnvironment/extra_space (0.00s)
    --- PASS: TestClientFromEnvironment/empty (0.00s)
    --- PASS: TestClientFromEnvironment/ipv6_world_open (0.00s)
    --- PASS: TestClientFromEnvironment/ipv6_no_brackets (0.00s)
    --- PASS: TestClientFromEnvironment/extra_quotes (0.00s)
    --- PASS: TestClientFromEnvironment/only_address (0.00s)
    --- PASS: TestClientFromEnvironment/hostname (0.00s)
    --- PASS: TestClientFromEnvironment/hostname_and_port (0.00s)
    --- PASS: TestClientFromEnvironment/address_and_port (0.00s)
    --- PASS: TestClientFromEnvironment/ipv6_+_port (0.00s)
    --- PASS: TestClientFromEnvironment/extra_space+quotes (0.00s)
PASS
ok  	github.com/ollama/ollama/envconfig	4.292s
FAIL	github.com/ollama/ollama/gpu [build failed]
FAIL	github.com/ollama/ollama/llm [build failed]
?   	github.com/ollama/ollama/llm/generate	[no test files]
=== RUN   TestHumanNumber
=== RUN   TestHumanNumber/0
=== RUN   TestHumanNumber/1M
=== RUN   TestHumanNumber/125M
=== RUN   TestHumanNumber/500.50M
=== RUN   TestHumanNumber/500.55M
=== RUN   TestHumanNumber/1B
=== RUN   TestHumanNumber/2.8B
=== RUN   TestHumanNumber/2.9B
=== RUN   TestHumanNumber/1000B
--- PASS: TestHumanNumber (0.00s)
    --- PASS: TestHumanNumber/0 (0.00s)
    --- PASS: TestHumanNumber/1M (0.00s)
    --- PASS: TestHumanNumber/125M (0.00s)
    --- PASS: TestHumanNumber/500.50M (0.00s)
    --- PASS: TestHumanNumber/500.55M (0.00s)
    --- PASS: TestHumanNumber/1B (0.00s)
    --- PASS: TestHumanNumber/2.8B (0.00s)
    --- PASS: TestHumanNumber/2.9B (0.00s)
    --- PASS: TestHumanNumber/1000B (0.00s)
=== RUN   TestHumanTime
=== RUN   TestHumanTime/zero_value
=== RUN   TestHumanTime/time_in_the_future
=== RUN   TestHumanTime/time_in_the_past
=== RUN   TestHumanTime/soon
=== RUN   TestHumanTime/time_way_in_the_future
=== RUN   TestHumanTime/time_way_in_the_future_lowercase
--- PASS: TestHumanTime (0.00s)
    --- PASS: TestHumanTime/zero_value (0.00s)
    --- PASS: TestHumanTime/time_in_the_future (0.00s)
    --- PASS: TestHumanTime/time_in_the_past (0.00s)
    --- PASS: TestHumanTime/soon (0.00s)
    --- PASS: TestHumanTime/time_way_in_the_future (0.00s)
    --- PASS: TestHumanTime/time_way_in_the_future_lowercase (0.00s)
PASS
ok  	github.com/ollama/ollama/format	1.083s
?   	github.com/ollama/ollama/progress	[no test files]
?   	github.com/ollama/ollama/readline	[no test files]
2025/03/04 22:09:53 ERROR unable to locate llm runner directory.  Set OLLAMA_RUNNERS_DIR to the location of 'ollama_runners'
=== RUN   TestChatMiddleware
=== RUN   TestChatMiddleware/chat_handler
=== RUN   TestChatMiddleware/chat_handler_with_image_content
=== RUN   TestChatMiddleware/chat_handler_with_tools
=== RUN   TestChatMiddleware/chat_handler_error_forwarding
--- PASS: TestChatMiddleware (0.00s)
    --- PASS: TestChatMiddleware/chat_handler (0.00s)
    --- PASS: TestChatMiddleware/chat_handler_with_image_content (0.00s)
    --- PASS: TestChatMiddleware/chat_handler_with_tools (0.00s)
    --- PASS: TestChatMiddleware/chat_handler_error_forwarding (0.00s)
=== RUN   TestCompletionsMiddleware
=== RUN   TestCompletionsMiddleware/completions_handler
=== RUN   TestCompletionsMiddleware/completions_handler_error_forwarding
--- PASS: TestCompletionsMiddleware (0.00s)
    --- PASS: TestCompletionsMiddleware/completions_handler (0.00s)
    --- PASS: TestCompletionsMiddleware/completions_handler_error_forwarding (0.00s)
=== RUN   TestEmbeddingsMiddleware
=== RUN   TestEmbeddingsMiddleware/embed_handler_single_input
=== RUN   TestEmbeddingsMiddleware/embed_handler_batch_input
=== RUN   TestEmbeddingsMiddleware/embed_handler_error_forwarding
--- PASS: TestEmbeddingsMiddleware (0.00s)
    --- PASS: TestEmbeddingsMiddleware/embed_handler_single_input (0.00s)
    --- PASS: TestEmbeddingsMiddleware/embed_handler_batch_input (0.00s)
    --- PASS: TestEmbeddingsMiddleware/embed_handler_error_forwarding (0.00s)
=== RUN   TestMiddlewareResponses
=== RUN   TestMiddlewareResponses/list_handler
=== RUN   TestMiddlewareResponses/retrieve_model
--- PASS: TestMiddlewareResponses (0.00s)
    --- PASS: TestMiddlewareResponses/list_handler (0.00s)
    --- PASS: TestMiddlewareResponses/retrieve_model (0.00s)
PASS
ok  	github.com/ollama/ollama/openai	2.705s
=== RUN   TestParseFileFile
--- PASS: TestParseFileFile (0.00s)
=== RUN   TestParseFileTrimSpace
--- PASS: TestParseFileTrimSpace (0.00s)
=== RUN   TestParseFileFrom
=== RUN   TestParseFileFrom/#00
=== RUN   TestParseFileFrom/#01
=== RUN   TestParseFileFrom/#02
=== RUN   TestParseFileFrom/#03
=== RUN   TestParseFileFrom/#04
=== RUN   TestParseFileFrom/#05
=== RUN   TestParseFileFrom/#06
=== RUN   TestParseFileFrom/#07
=== RUN   TestParseFileFrom/#08
=== RUN   TestParseFileFrom/#09
=== RUN   TestParseFileFrom/#10
=== RUN   TestParseFileFrom/#11
=== RUN   TestParseFileFrom/#12
--- PASS: TestParseFileFrom (0.00s)
    --- PASS: TestParseFileFrom/#00 (0.00s)
    --- PASS: TestParseFileFrom/#01 (0.00s)
    --- PASS: TestParseFileFrom/#02 (0.00s)
    --- PASS: TestParseFileFrom/#03 (0.00s)
    --- PASS: TestParseFileFrom/#04 (0.00s)
    --- PASS: TestParseFileFrom/#05 (0.00s)
    --- PASS: TestParseFileFrom/#06 (0.00s)
    --- PASS: TestParseFileFrom/#07 (0.00s)
    --- PASS: TestParseFileFrom/#08 (0.00s)
    --- PASS: TestParseFileFrom/#09 (0.00s)
    --- PASS: TestParseFileFrom/#10 (0.00s)
    --- PASS: TestParseFileFrom/#11 (0.00s)
    --- PASS: TestParseFileFrom/#12 (0.00s)
=== RUN   TestParseFileParametersMissingValue
--- PASS: TestParseFileParametersMissingValue (0.00s)
=== RUN   TestParseFileBadCommand
--- PASS: TestParseFileBadCommand (0.00s)
=== RUN   TestParseFileMessages
=== RUN   TestParseFileMessages/#00
=== RUN   TestParseFileMessages/#01
=== RUN   TestParseFileMessages/#02
=== RUN   TestParseFileMessages/#03
=== RUN   TestParseFileMessages/#04
=== RUN   TestParseFileMessages/#05
=== RUN   TestParseFileMessages/#06
--- PASS: TestParseFileMessages (0.00s)
    --- PASS: TestParseFileMessages/#00 (0.00s)
    --- PASS: TestParseFileMessages/#01 (0.00s)
    --- PASS: TestParseFileMessages/#02 (0.00s)
    --- PASS: TestParseFileMessages/#03 (0.00s)
    --- PASS: TestParseFileMessages/#04 (0.00s)
    --- PASS: TestParseFileMessages/#05 (0.00s)
    --- PASS: TestParseFileMessages/#06 (0.00s)
=== RUN   TestParseFileQuoted
=== RUN   TestParseFileQuoted/#00
=== RUN   TestParseFileQuoted/#01
=== RUN   TestParseFileQuoted/#02
=== RUN   TestParseFileQuoted/#03
=== RUN   TestParseFileQuoted/#04
=== RUN   TestParseFileQuoted/#05
=== RUN   TestParseFileQuoted/#06
=== RUN   TestParseFileQuoted/#07
=== RUN   TestParseFileQuoted/#08
=== RUN   TestParseFileQuoted/#09
=== RUN   TestParseFileQuoted/#10
=== RUN   TestParseFileQuoted/#11
--- PASS: TestParseFileQuoted (0.00s)
    --- PASS: TestParseFileQuoted/#00 (0.00s)
    --- PASS: TestParseFileQuoted/#01 (0.00s)
    --- PASS: TestParseFileQuoted/#02 (0.00s)
    --- PASS: TestParseFileQuoted/#03 (0.00s)
    --- PASS: TestParseFileQuoted/#04 (0.00s)
    --- PASS: TestParseFileQuoted/#05 (0.00s)
    --- PASS: TestParseFileQuoted/#06 (0.00s)
    --- PASS: TestParseFileQuoted/#07 (0.00s)
    --- PASS: TestParseFileQuoted/#08 (0.00s)
    --- PASS: TestParseFileQuoted/#09 (0.00s)
    --- PASS: TestParseFileQuoted/#10 (0.00s)
    --- PASS: TestParseFileQuoted/#11 (0.00s)
=== RUN   TestParseFileParameters
=== RUN   TestParseFileParameters/num_ctx_1
=== RUN   TestParseFileParameters/vocab_only_true
=== RUN   TestParseFileParameters/stop_"###_User:_"
=== RUN   TestParseFileParameters/main_gpu_1
=== RUN   TestParseFileParameters/num_keep_1
=== RUN   TestParseFileParameters/top_p_1.0
=== RUN   TestParseFileParameters/frequency_penalty_1.0
=== RUN   TestParseFileParameters/stop_</s>
=== RUN   TestParseFileParameters/stop_"""###_User:"""
=== RUN   TestParseFileParameters/num_predict_1
=== RUN   TestParseFileParameters/top_k_1
=== RUN   TestParseFileParameters/tfs_z_1.0
=== RUN   TestParseFileParameters/penalize_newline_true
=== RUN   TestParseFileParameters/stop_###_User:
=== RUN   TestParseFileParameters/stop_###_User:_
=== RUN   TestParseFileParameters/num_batch_1
=== RUN   TestParseFileParameters/num_gpu_1
=== RUN   TestParseFileParameters/use_mlock_true
=== RUN   TestParseFileParameters/seed_1
=== RUN   TestParseFileParameters/typical_p_1.0
=== RUN   TestParseFileParameters/repeat_penalty_1.0
=== RUN   TestParseFileParameters/repeat_last_n_1
=== RUN   TestParseFileParameters/temperature_1.0
=== RUN   TestParseFileParameters/presence_penalty_1.0
=== RUN   TestParseFileParameters/stop_"###_User:"
=== RUN   TestParseFileParameters/stop_"""###_User:_"""
=== RUN   TestParseFileParameters/stop_<|eot_id|>
=== RUN   TestParseFileParameters/numa_true
=== RUN   TestParseFileParameters/f16_kv_true
=== RUN   TestParseFileParameters/use_mmap_true
=== RUN   TestParseFileParameters/mirostat_tau_1.0
=== RUN   TestParseFileParameters/mirostat_eta_1.0
=== RUN   TestParseFileParameters/num_gqa_1
=== RUN   TestParseFileParameters/low_vram_true
=== RUN   TestParseFileParameters/logits_all_true
=== RUN   TestParseFileParameters/num_thread_1
=== RUN   TestParseFileParameters/mirostat_1
=== RUN   TestParseFileParameters/stop_<|endoftext|>
--- PASS: TestParseFileParameters (0.01s)
    --- PASS: TestParseFileParameters/num_ctx_1 (0.00s)
    --- PASS: TestParseFileParameters/vocab_only_true (0.00s)
    --- PASS: TestParseFileParameters/stop_"###_User:_" (0.00s)
    --- PASS: TestParseFileParameters/main_gpu_1 (0.00s)
    --- PASS: TestParseFileParameters/num_keep_1 (0.00s)
    --- PASS: TestParseFileParameters/top_p_1.0 (0.00s)
    --- PASS: TestParseFileParameters/frequency_penalty_1.0 (0.00s)
    --- PASS: TestParseFileParameters/stop_</s> (0.00s)
    --- PASS: TestParseFileParameters/stop_"""###_User:""" (0.00s)
    --- PASS: TestParseFileParameters/num_predict_1 (0.00s)
    --- PASS: TestParseFileParameters/top_k_1 (0.00s)
    --- PASS: TestParseFileParameters/tfs_z_1.0 (0.00s)
    --- PASS: TestParseFileParameters/penalize_newline_true (0.00s)
    --- PASS: TestParseFileParameters/stop_###_User: (0.00s)
    --- PASS: TestParseFileParameters/stop_###_User:_ (0.00s)
    --- PASS: TestParseFileParameters/num_batch_1 (0.00s)
    --- PASS: TestParseFileParameters/num_gpu_1 (0.00s)
    --- PASS: TestParseFileParameters/use_mlock_true (0.00s)
    --- PASS: TestParseFileParameters/seed_1 (0.00s)
    --- PASS: TestParseFileParameters/typical_p_1.0 (0.00s)
    --- PASS: TestParseFileParameters/repeat_penalty_1.0 (0.00s)
    --- PASS: TestParseFileParameters/repeat_last_n_1 (0.00s)
    --- PASS: TestParseFileParameters/temperature_1.0 (0.00s)
    --- PASS: TestParseFileParameters/presence_penalty_1.0 (0.00s)
    --- PASS: TestParseFileParameters/stop_"###_User:" (0.00s)
    --- PASS: TestParseFileParameters/stop_"""###_User:_""" (0.00s)
    --- PASS: TestParseFileParameters/stop_<|eot_id|> (0.00s)
    --- PASS: TestParseFileParameters/numa_true (0.00s)
    --- PASS: TestParseFileParameters/f16_kv_true (0.00s)
    --- PASS: TestParseFileParameters/use_mmap_true (0.00s)
    --- PASS: TestParseFileParameters/mirostat_tau_1.0 (0.00s)
    --- PASS: TestParseFileParameters/mirostat_eta_1.0 (0.00s)
    --- PASS: TestParseFileParameters/num_gqa_1 (0.00s)
    --- PASS: TestParseFileParameters/low_vram_true (0.00s)
    --- PASS: TestParseFileParameters/logits_all_true (0.00s)
    --- PASS: TestParseFileParameters/num_thread_1 (0.00s)
    --- PASS: TestParseFileParameters/mirostat_1 (0.00s)
    --- PASS: TestParseFileParameters/stop_<|endoftext|> (0.00s)
=== RUN   TestParseFileComments
=== RUN   TestParseFileComments/#00
--- PASS: TestParseFileComments (0.00s)
    --- PASS: TestParseFileComments/#00 (0.00s)
=== RUN   TestParseFileFormatParseFile
=== RUN   TestParseFileFormatParseFile/#00
=== RUN   TestParseFileFormatParseFile/#01
=== RUN   TestParseFileFormatParseFile/#02
=== RUN   TestParseFileFormatParseFile/#03
--- PASS: TestParseFileFormatParseFile (0.00s)
    --- PASS: TestParseFileFormatParseFile/#00 (0.00s)
    --- PASS: TestParseFileFormatParseFile/#01 (0.00s)
    --- PASS: TestParseFileFormatParseFile/#02 (0.00s)
    --- PASS: TestParseFileFormatParseFile/#03 (0.00s)
=== RUN   TestParseFileUTF16ParseFile
=== RUN   TestParseFileUTF16ParseFile/le
=== RUN   TestParseFileUTF16ParseFile/be
--- PASS: TestParseFileUTF16ParseFile (0.00s)
    --- PASS: TestParseFileUTF16ParseFile/le (0.00s)
    --- PASS: TestParseFileUTF16ParseFile/be (0.00s)
=== RUN   TestParseMultiByte
=== RUN   TestParseMultiByte/UTF-8
=== RUN   TestParseMultiByte/UTF-16LE_(Use_BOM)
=== RUN   TestParseMultiByte/UTF-16BE_(Use_BOM)
--- PASS: TestParseMultiByte (0.00s)
    --- PASS: TestParseMultiByte/UTF-8 (0.00s)
    --- PASS: TestParseMultiByte/UTF-16LE_(Use_BOM) (0.00s)
    --- PASS: TestParseMultiByte/UTF-16BE_(Use_BOM) (0.00s)
PASS
ok  	github.com/ollama/ollama/parser	2.657s
FAIL	github.com/ollama/ollama/server [build failed]
FAIL	github.com/ollama/ollama/template [build failed]
?   	github.com/ollama/ollama/types/errtypes	[no test files]
?   	github.com/ollama/ollama/version	[no test files]
=== RUN   TestParseNameParts
=== RUN   TestParseNameParts/registry.ollama.ai/library/dolphin-mistral:7b-v2.6-dpo-laser-q6_K
=== RUN   TestParseNameParts/scheme://host:port/namespace/model:tag
=== RUN   TestParseNameParts/host/namespace/model:tag
=== RUN   TestParseNameParts/host:port/namespace/model:tag
=== RUN   TestParseNameParts/host/namespace/model
=== RUN   TestParseNameParts/host:port/namespace/model
=== RUN   TestParseNameParts/namespace/model
=== RUN   TestParseNameParts/model
=== RUN   TestParseNameParts/h/nn/mm:t
=== RUN   TestParseNameParts/88888888888888888888888888888888888888888888888888888888888888888888888888888888/88888888888888888888888888888888888888888888888888888888888888888888888888888888/88888888888888888888888888888888888888888888888888888888888888888888888888888888:88888888888888888888888888888888888888888888888888888888888888888888888888888888
=== RUN   TestParseNameParts/33333333333333333333333333333333333333333333333333333333333333333333333333333333333333333333333333333333333333333333333333333333333333333333333333333333333333333333333333333333333333333333333333333333333333333333333333333333333333333333333333333333333333333333333333333333333333333333333333333333333333333333333333333333333333333333333333333333333333/88888888888888888888888888888888888888888888888888888888888888888888888888888888/88888888888888888888888888888888888888888888888888888888888888888888888888888888:88888888888888888888888888888888888888888888888888888888888888888888888888888888
--- PASS: TestParseNameParts (0.00s)
    --- PASS: TestParseNameParts/registry.ollama.ai/library/dolphin-mistral:7b-v2.6-dpo-laser-q6_K (0.00s)
    --- PASS: TestParseNameParts/scheme://host:port/namespace/model:tag (0.00s)
    --- PASS: TestParseNameParts/host/namespace/model:tag (0.00s)
    --- PASS: TestParseNameParts/host:port/namespace/model:tag (0.00s)
    --- PASS: TestParseNameParts/host/namespace/model (0.00s)
    --- PASS: TestParseNameParts/host:port/namespace/model (0.00s)
    --- PASS: TestParseNameParts/namespace/model (0.00s)
    --- PASS: TestParseNameParts/model (0.00s)
    --- PASS: TestParseNameParts/h/nn/mm:t (0.00s)
    --- PASS: TestParseNameParts/88888888888888888888888888888888888888888888888888888888888888888888888888888888/88888888888888888888888888888888888888888888888888888888888888888888888888888888/88888888888888888888888888888888888888888888888888888888888888888888888888888888:88888888888888888888888888888888888888888888888888888888888888888888888888888888 (0.00s)
    --- PASS: TestParseNameParts/33333333333333333333333333333333333333333333333333333333333333333333333333333333333333333333333333333333333333333333333333333333333333333333333333333333333333333333333333333333333333333333333333333333333333333333333333333333333333333333333333333333333333333333333333333333333333333333333333333333333333333333333333333333333333333333333333333333333333/88888888888888888888888888888888888888888888888888888888888888888888888888888888/88888888888888888888888888888888888888888888888888888888888888888888888888888888:88888888888888888888888888888888888888888888888888888888888888888888888888888888 (0.00s)
=== RUN   TestNameparseNameDefault
--- PASS: TestNameparseNameDefault (0.00s)
=== RUN   TestNameIsValid
--- PASS: TestNameIsValid (0.00s)
=== RUN   TestNameIsValidPart
=== RUN   TestNameIsValidPart/#00
=== RUN   TestNameIsValidPart/a
=== RUN   TestNameIsValidPart/a.
=== RUN   TestNameIsValidPart/a.b
=== RUN   TestNameIsValidPart/a:123
=== RUN   TestNameIsValidPart/a:123/aa/bb
=== RUN   TestNameIsValidPart/bb
=== RUN   TestNameIsValidPart/a.#01
=== RUN   TestNameIsValidPart/-h
=== RUN   TestNameIsValidPart/sha256-1000000000000000000000000000000000000000000000000000000000000000
--- PASS: TestNameIsValidPart (0.00s)
    --- PASS: TestNameIsValidPart/#00 (0.00s)
    --- PASS: TestNameIsValidPart/a (0.00s)
    --- PASS: TestNameIsValidPart/a. (0.00s)
    --- PASS: TestNameIsValidPart/a.b (0.00s)
    --- PASS: TestNameIsValidPart/a:123 (0.00s)
    --- PASS: TestNameIsValidPart/a:123/aa/bb (0.00s)
    --- PASS: TestNameIsValidPart/bb (0.00s)
    --- PASS: TestNameIsValidPart/a.#01 (0.00s)
    --- PASS: TestNameIsValidPart/-h (0.00s)
    --- PASS: TestNameIsValidPart/sha256-1000000000000000000000000000000000000000000000000000000000000000 (0.00s)
=== RUN   TestFilepathAllocs
--- PASS: TestFilepathAllocs (0.00s)
=== RUN   TestParseNameFromFilepath
=== RUN   TestParseNameFromFilepath/.
=== RUN   TestParseNameFromFilepath/\path\to\random\file
=== RUN   TestParseNameFromFilepath/host:port\namespace\model\tag
=== RUN   TestParseNameFromFilepath/model\tag
=== RUN   TestParseNameFromFilepath/..\..\model\tag
=== RUN   TestParseNameFromFilepath/namespace\tag
=== RUN   TestParseNameFromFilepath/model
=== RUN   TestParseNameFromFilepath/host\namespace\model\tag
=== RUN   TestParseNameFromFilepath/namespace\model\tag
--- PASS: TestParseNameFromFilepath (0.00s)
    --- PASS: TestParseNameFromFilepath/. (0.00s)
    --- PASS: TestParseNameFromFilepath/\path\to\random\file (0.00s)
    --- PASS: TestParseNameFromFilepath/host:port\namespace\model\tag (0.00s)
    --- PASS: TestParseNameFromFilepath/model\tag (0.00s)
    --- PASS: TestParseNameFromFilepath/..\..\model\tag (0.00s)
    --- PASS: TestParseNameFromFilepath/namespace\tag (0.00s)
    --- PASS: TestParseNameFromFilepath/model (0.00s)
    --- PASS: TestParseNameFromFilepath/host\namespace\model\tag (0.00s)
    --- PASS: TestParseNameFromFilepath/namespace\model\tag (0.00s)
=== RUN   TestDisplayShortest
=== RUN   TestDisplayShortest/registry.ollama.ai/namespace/model:tag
=== RUN   TestDisplayShortest/host/namespace/model:tag
=== RUN   TestDisplayShortest/host/library/model:tag
=== RUN   TestDisplayShortest/registry.ollama.ai/library/model:latest
=== RUN   TestDisplayShortest/registry.ollama.ai/library/model:tag
--- PASS: TestDisplayShortest (0.00s)
    --- PASS: TestDisplayShortest/registry.ollama.ai/namespace/model:tag (0.00s)
    --- PASS: TestDisplayShortest/host/namespace/model:tag (0.00s)
    --- PASS: TestDisplayShortest/host/library/model:tag (0.00s)
    --- PASS: TestDisplayShortest/registry.ollama.ai/library/model:latest (0.00s)
    --- PASS: TestDisplayShortest/registry.ollama.ai/library/model:tag (0.00s)
=== RUN   TestIsValidNamespace
=== RUN   TestIsValidNamespace/#00
=== RUN   TestIsValidNamespace/a
=== RUN   TestIsValidNamespace/a:b
=== RUN   TestIsValidNamespace/a/b
=== RUN   TestIsValidNamespace/a:b/c
=== RUN   TestIsValidNamespace/a/b:c
=== RUN   TestIsValidNamespace/a/b:c#01
=== RUN   TestIsValidNamespace/a/b:c/d
=== RUN   TestIsValidNamespace/a/b:c/d@e
=== RUN   TestIsValidNamespace/a/b:c/d@sha256-100
=== RUN   TestIsValidNamespace/himynameisjoe
=== RUN   TestIsValidNamespace/himynameisreallyreallyreallyreallylongbutitshouldstillbevalid
--- PASS: TestIsValidNamespace (0.00s)
    --- PASS: TestIsValidNamespace/#00 (0.00s)
    --- PASS: TestIsValidNamespace/a (0.00s)
    --- PASS: TestIsValidNamespace/a:b (0.00s)
    --- PASS: TestIsValidNamespace/a/b (0.00s)
    --- PASS: TestIsValidNamespace/a:b/c (0.00s)
    --- PASS: TestIsValidNamespace/a/b:c (0.00s)
    --- PASS: TestIsValidNamespace/a/b:c#01 (0.00s)
    --- PASS: TestIsValidNamespace/a/b:c/d (0.00s)
    --- PASS: TestIsValidNamespace/a/b:c/d@e (0.00s)
    --- PASS: TestIsValidNamespace/a/b:c/d@sha256-100 (0.00s)
    --- PASS: TestIsValidNamespace/himynameisjoe (0.00s)
    --- PASS: TestIsValidNamespace/himynameisreallyreallyreallyreallylongbutitshouldstillbevalid (0.00s)
=== RUN   FuzzName
=== RUN   FuzzName/seed#0
=== RUN   FuzzName/seed#1
=== RUN   FuzzName/seed#2
=== RUN   FuzzName/seed#3
=== RUN   FuzzName/seed#4
=== RUN   FuzzName/seed#5
=== RUN   FuzzName/seed#6
=== RUN   FuzzName/seed#7
=== RUN   FuzzName/seed#8
=== RUN   FuzzName/seed#9
=== RUN   FuzzName/seed#10
=== RUN   FuzzName/seed#11
=== RUN   FuzzName/seed#12
=== RUN   FuzzName/seed#13
=== RUN   FuzzName/seed#14
=== RUN   FuzzName/seed#15
=== RUN   FuzzName/seed#16
=== RUN   FuzzName/seed#17
=== RUN   FuzzName/seed#18
=== RUN   FuzzName/seed#19
=== RUN   FuzzName/seed#20
=== RUN   FuzzName/seed#21
=== RUN   FuzzName/seed#22
=== RUN   FuzzName/seed#23
=== RUN   FuzzName/seed#24
=== RUN   FuzzName/seed#25
=== RUN   FuzzName/seed#26
=== RUN   FuzzName/seed#27
=== RUN   FuzzName/seed#28
=== RUN   FuzzName/seed#29
=== RUN   FuzzName/d37463aa416f6bab
--- PASS: FuzzName (0.04s)
    --- PASS: FuzzName/seed#0 (0.00s)
    --- PASS: FuzzName/seed#1 (0.00s)
    --- PASS: FuzzName/seed#2 (0.00s)
    --- PASS: FuzzName/seed#3 (0.00s)
    --- PASS: FuzzName/seed#4 (0.00s)
    --- PASS: FuzzName/seed#5 (0.00s)
    --- PASS: FuzzName/seed#6 (0.00s)
    --- PASS: FuzzName/seed#7 (0.00s)
    --- PASS: FuzzName/seed#8 (0.00s)
    --- PASS: FuzzName/seed#9 (0.00s)
    --- PASS: FuzzName/seed#10 (0.00s)
    --- PASS: FuzzName/seed#11 (0.00s)
    --- PASS: FuzzName/seed#12 (0.00s)
    --- PASS: FuzzName/seed#13 (0.00s)
    --- PASS: FuzzName/seed#14 (0.00s)
    --- PASS: FuzzName/seed#15 (0.00s)
    --- PASS: FuzzName/seed#16 (0.00s)
    --- PASS: FuzzName/seed#17 (0.00s)
    --- PASS: FuzzName/seed#18 (0.00s)
    --- PASS: FuzzName/seed#19 (0.00s)
    --- PASS: FuzzName/seed#20 (0.00s)
    --- PASS: FuzzName/seed#21 (0.00s)
    --- PASS: FuzzName/seed#22 (0.00s)
    --- PASS: FuzzName/seed#23 (0.00s)
    --- PASS: FuzzName/seed#24 (0.00s)
    --- PASS: FuzzName/seed#25 (0.00s)
    --- PASS: FuzzName/seed#26 (0.00s)
    --- PASS: FuzzName/seed#27 (0.00s)
    --- PASS: FuzzName/seed#28 (0.00s)
    --- PASS: FuzzName/seed#29 (0.00s)
    --- PASS: FuzzName/d37463aa416f6bab (0.00s)
PASS
ok  	github.com/ollama/ollama/types/model	3.052s
=== RUN   TestBufferedSeeker
--- PASS: TestBufferedSeeker (0.00s)
PASS
ok  	github.com/ollama/ollama/util/bufioutil	2.847s
FAIL
